running egg_info
creating ../../build/rgbd_replay/rgbd_replay.egg-info
writing ../../build/rgbd_replay/rgbd_replay.egg-info/PKG-INFO
writing dependency_links to ../../build/rgbd_replay/rgbd_replay.egg-info/dependency_links.txt
writing entry points to ../../build/rgbd_replay/rgbd_replay.egg-info/entry_points.txt
writing requirements to ../../build/rgbd_replay/rgbd_replay.egg-info/requires.txt
writing top-level names to ../../build/rgbd_replay/rgbd_replay.egg-info/top_level.txt
writing manifest file '../../build/rgbd_replay/rgbd_replay.egg-info/SOURCES.txt'
reading manifest file '../../build/rgbd_replay/rgbd_replay.egg-info/SOURCES.txt'
adding license file 'LICENSE'
writing manifest file '../../build/rgbd_replay/rgbd_replay.egg-info/SOURCES.txt'
running build
running build_py
creating /home/yutao/Desktop/my_proj/rgbd-semantic-mapping/ros2_ws/build/rgbd_replay/build
creating /home/yutao/Desktop/my_proj/rgbd-semantic-mapping/ros2_ws/build/rgbd_replay/build/lib
creating /home/yutao/Desktop/my_proj/rgbd-semantic-mapping/ros2_ws/build/rgbd_replay/build/lib/rgbd_replay
copying rgbd_replay/__init__.py -> /home/yutao/Desktop/my_proj/rgbd-semantic-mapping/ros2_ws/build/rgbd_replay/build/lib/rgbd_replay
copying rgbd_replay/replay_node.py -> /home/yutao/Desktop/my_proj/rgbd-semantic-mapping/ros2_ws/build/rgbd_replay/build/lib/rgbd_replay
running install
running install_lib
creating /home/yutao/Desktop/my_proj/rgbd-semantic-mapping/ros2_ws/install/rgbd_replay/lib/python3.10/site-packages/rgbd_replay
copying /home/yutao/Desktop/my_proj/rgbd-semantic-mapping/ros2_ws/build/rgbd_replay/build/lib/rgbd_replay/__init__.py -> /home/yutao/Desktop/my_proj/rgbd-semantic-mapping/ros2_ws/install/rgbd_replay/lib/python3.10/site-packages/rgbd_replay
copying /home/yutao/Desktop/my_proj/rgbd-semantic-mapping/ros2_ws/build/rgbd_replay/build/lib/rgbd_replay/replay_node.py -> /home/yutao/Desktop/my_proj/rgbd-semantic-mapping/ros2_ws/install/rgbd_replay/lib/python3.10/site-packages/rgbd_replay
byte-compiling /home/yutao/Desktop/my_proj/rgbd-semantic-mapping/ros2_ws/install/rgbd_replay/lib/python3.10/site-packages/rgbd_replay/__init__.py to __init__.cpython-310.pyc
byte-compiling /home/yutao/Desktop/my_proj/rgbd-semantic-mapping/ros2_ws/install/rgbd_replay/lib/python3.10/site-packages/rgbd_replay/replay_node.py to replay_node.cpython-310.pyc
running install_data
creating /home/yutao/Desktop/my_proj/rgbd-semantic-mapping/ros2_ws/install/rgbd_replay/share/ament_index
creating /home/yutao/Desktop/my_proj/rgbd-semantic-mapping/ros2_ws/install/rgbd_replay/share/ament_index/resource_index
creating /home/yutao/Desktop/my_proj/rgbd-semantic-mapping/ros2_ws/install/rgbd_replay/share/ament_index/resource_index/packages
copying resource/rgbd_replay -> /home/yutao/Desktop/my_proj/rgbd-semantic-mapping/ros2_ws/install/rgbd_replay/share/ament_index/resource_index/packages
copying package.xml -> /home/yutao/Desktop/my_proj/rgbd-semantic-mapping/ros2_ws/install/rgbd_replay/share/rgbd_replay
running install_egg_info
Copying ../../build/rgbd_replay/rgbd_replay.egg-info to /home/yutao/Desktop/my_proj/rgbd-semantic-mapping/ros2_ws/install/rgbd_replay/lib/python3.10/site-packages/rgbd_replay-0.0.0-py3.10.egg-info
running install_scripts
Installing replay_node script to /home/yutao/Desktop/my_proj/rgbd-semantic-mapping/ros2_ws/install/rgbd_replay/lib/rgbd_replay
writing list of installed files to '/home/yutao/Desktop/my_proj/rgbd-semantic-mapping/ros2_ws/build/rgbd_replay/install.log'
