[1.056s] Invoking command in '/home/yutao/Desktop/my_proj/rgbd-semantic-mapping/ros2_ws/src/rgbd_replay': PYTHONPATH=/home/yutao/Desktop/my_proj/rgbd-semantic-mapping/ros2_ws/build/rgbd_replay/prefix_override:/usr/lib/python3/dist-packages/colcon_core/task/python/colcon_distutils_commands:/home/yutao/Desktop/my_proj/rgbd-semantic-mapping/ros2_ws/install/rgbd_replay/lib/python3.10/site-packages:${PYTHONPATH} VIRTUAL_ENV_PROMPT=(.venv) /usr/bin/python3 -W ignore:setup.py install is deprecated -W ignore:easy_install command is deprecated setup.py egg_info --egg-base ../../build/rgbd_replay build --build-base /home/yutao/Desktop/my_proj/rgbd-semantic-mapping/ros2_ws/build/rgbd_replay/build install --record /home/yutao/Desktop/my_proj/rgbd-semantic-mapping/ros2_ws/build/rgbd_replay/install.log --install-scripts $base/lib/rgbd_replay --single-version-externally-managed install_data
[1.362s] running egg_info
[1.362s] creating ../../build/rgbd_replay/rgbd_replay.egg-info
[1.364s] writing ../../build/rgbd_replay/rgbd_replay.egg-info/PKG-INFO
[1.367s] writing dependency_links to ../../build/rgbd_replay/rgbd_replay.egg-info/dependency_links.txt
[1.367s] writing entry points to ../../build/rgbd_replay/rgbd_replay.egg-info/entry_points.txt
[1.367s] writing requirements to ../../build/rgbd_replay/rgbd_replay.egg-info/requires.txt
[1.367s] writing top-level names to ../../build/rgbd_replay/rgbd_replay.egg-info/top_level.txt
[1.367s] writing manifest file '../../build/rgbd_replay/rgbd_replay.egg-info/SOURCES.txt'
[1.368s] reading manifest file '../../build/rgbd_replay/rgbd_replay.egg-info/SOURCES.txt'
[1.369s] adding license file 'LICENSE'
[1.369s] writing manifest file '../../build/rgbd_replay/rgbd_replay.egg-info/SOURCES.txt'
[1.370s] running build
[1.370s] running build_py
[1.371s] creating /home/yutao/Desktop/my_proj/rgbd-semantic-mapping/ros2_ws/build/rgbd_replay/build
[1.371s] creating /home/yutao/Desktop/my_proj/rgbd-semantic-mapping/ros2_ws/build/rgbd_replay/build/lib
[1.371s] creating /home/yutao/Desktop/my_proj/rgbd-semantic-mapping/ros2_ws/build/rgbd_replay/build/lib/rgbd_replay
[1.372s] copying rgbd_replay/__init__.py -> /home/yutao/Desktop/my_proj/rgbd-semantic-mapping/ros2_ws/build/rgbd_replay/build/lib/rgbd_replay
[1.372s] copying rgbd_replay/replay_node.py -> /home/yutao/Desktop/my_proj/rgbd-semantic-mapping/ros2_ws/build/rgbd_replay/build/lib/rgbd_replay
[1.372s] running install
[1.372s] running install_lib
[1.373s] creating /home/yutao/Desktop/my_proj/rgbd-semantic-mapping/ros2_ws/install/rgbd_replay/lib/python3.10/site-packages/rgbd_replay
[1.373s] copying /home/yutao/Desktop/my_proj/rgbd-semantic-mapping/ros2_ws/build/rgbd_replay/build/lib/rgbd_replay/__init__.py -> /home/yutao/Desktop/my_proj/rgbd-semantic-mapping/ros2_ws/install/rgbd_replay/lib/python3.10/site-packages/rgbd_replay
[1.374s] copying /home/yutao/Desktop/my_proj/rgbd-semantic-mapping/ros2_ws/build/rgbd_replay/build/lib/rgbd_replay/replay_node.py -> /home/yutao/Desktop/my_proj/rgbd-semantic-mapping/ros2_ws/install/rgbd_replay/lib/python3.10/site-packages/rgbd_replay
[1.375s] byte-compiling /home/yutao/Desktop/my_proj/rgbd-semantic-mapping/ros2_ws/install/rgbd_replay/lib/python3.10/site-packages/rgbd_replay/__init__.py to __init__.cpython-310.pyc
[1.376s] byte-compiling /home/yutao/Desktop/my_proj/rgbd-semantic-mapping/ros2_ws/install/rgbd_replay/lib/python3.10/site-packages/rgbd_replay/replay_node.py to replay_node.cpython-310.pyc
[1.376s] running install_data
[1.376s] creating /home/yutao/Desktop/my_proj/rgbd-semantic-mapping/ros2_ws/install/rgbd_replay/share/ament_index
[1.377s] creating /home/yutao/Desktop/my_proj/rgbd-semantic-mapping/ros2_ws/install/rgbd_replay/share/ament_index/resource_index
[1.377s] creating /home/yutao/Desktop/my_proj/rgbd-semantic-mapping/ros2_ws/install/rgbd_replay/share/ament_index/resource_index/packages
[1.377s] copying resource/rgbd_replay -> /home/yutao/Desktop/my_proj/rgbd-semantic-mapping/ros2_ws/install/rgbd_replay/share/ament_index/resource_index/packages
[1.377s] copying package.xml -> /home/yutao/Desktop/my_proj/rgbd-semantic-mapping/ros2_ws/install/rgbd_replay/share/rgbd_replay
[1.377s] running install_egg_info
[1.382s] Copying ../../build/rgbd_replay/rgbd_replay.egg-info to /home/yutao/Desktop/my_proj/rgbd-semantic-mapping/ros2_ws/install/rgbd_replay/lib/python3.10/site-packages/rgbd_replay-0.0.0-py3.10.egg-info
[1.383s] running install_scripts
[1.412s] Installing replay_node script to /home/yutao/Desktop/my_proj/rgbd-semantic-mapping/ros2_ws/install/rgbd_replay/lib/rgbd_replay
[1.416s] writing list of installed files to '/home/yutao/Desktop/my_proj/rgbd-semantic-mapping/ros2_ws/build/rgbd_replay/install.log'
[1.461s] Invoked command in '/home/yutao/Desktop/my_proj/rgbd-semantic-mapping/ros2_ws/src/rgbd_replay' returned '0': PYTHONPATH=/home/yutao/Desktop/my_proj/rgbd-semantic-mapping/ros2_ws/build/rgbd_replay/prefix_override:/usr/lib/python3/dist-packages/colcon_core/task/python/colcon_distutils_commands:/home/yutao/Desktop/my_proj/rgbd-semantic-mapping/ros2_ws/install/rgbd_replay/lib/python3.10/site-packages:${PYTHONPATH} VIRTUAL_ENV_PROMPT=(.venv) /usr/bin/python3 -W ignore:setup.py install is deprecated -W ignore:easy_install command is deprecated setup.py egg_info --egg-base ../../build/rgbd_replay build --build-base /home/yutao/Desktop/my_proj/rgbd-semantic-mapping/ros2_ws/build/rgbd_replay/build install --record /home/yutao/Desktop/my_proj/rgbd-semantic-mapping/ros2_ws/build/rgbd_replay/install.log --install-scripts $base/lib/rgbd_replay --single-version-externally-managed install_data
