[0.034s] Invoking command in '/home/yutao/Desktop/my_proj/rgbd-semantic-mapping/ros2_ws/build/semantic_mapping': CMAKE_PREFIX_PATH=/opt/ros/humble VIRTUAL_ENV_PROMPT=(.venv) /usr/bin/cmake /home/yutao/Desktop/my_proj/rgbd-semantic-mapping/ros2_ws/src/semantic_mapping -DCMAKE_INSTALL_PREFIX=/home/yutao/Desktop/my_proj/rgbd-semantic-mapping/ros2_ws/install/semantic_mapping
[0.372s] -- The C compiler identification is GNU 11.4.0
[0.640s] -- The CXX compiler identification is GNU 11.4.0
[0.679s] -- Detecting C compiler ABI info
[0.811s] -- Detecting C compiler ABI info - done
[0.818s] -- Check for working C compiler: /usr/bin/cc - skipped
[0.819s] -- Detecting C compile features
[0.820s] -- Detecting C compile features - done
[0.825s] -- Detecting CXX compiler ABI info
[0.993s] -- Detecting CXX compiler ABI info - done
[0.993s] -- Check for working CXX compiler: /usr/bin/c++ - skipped
[0.994s] -- Detecting CXX compile features
[0.996s] -- Detecting CXX compile features - done
[1.030s] -- Found ament_cmake: 1.3.14 (/opt/ros/humble/share/ament_cmake/cmake)
[1.792s] -- Found Python3: /home/yutao/Desktop/my_proj/rgbd-semantic-mapping/.venv/bin/python3 (found version "3.10.12") found components: Interpreter 
[1.974s] -- Found rclcpp: 16.0.19 (/opt/ros/humble/share/rclcpp/cmake)
[2.150s] -- Found rosidl_generator_c: 3.1.9 (/opt/ros/humble/share/rosidl_generator_c/cmake)
[2.171s] -- Found rosidl_adapter: 3.1.9 (/opt/ros/humble/share/rosidl_adapter/cmake)
[2.205s] -- Found rosidl_generator_cpp: 3.1.9 (/opt/ros/humble/share/rosidl_generator_cpp/cmake)
[2.232s] -- Using all available rosidl_typesupport_c: rosidl_typesupport_fastrtps_c;rosidl_typesupport_introspection_c
[2.270s] -- Using all available rosidl_typesupport_cpp: rosidl_typesupport_fastrtps_cpp;rosidl_typesupport_introspection_cpp
[2.409s] -- Found rmw_implementation_cmake: 6.1.3 (/opt/ros/humble/share/rmw_implementation_cmake/cmake)
[2.419s] -- Found rmw_fastrtps_cpp: 6.2.10 (/opt/ros/humble/share/rmw_fastrtps_cpp/cmake)
[2.722s] -- Found OpenSSL: /usr/lib/x86_64-linux-gnu/libcrypto.so (found version "3.0.2")  
[2.767s] -- Found FastRTPS: /opt/ros/humble/include  
[2.824s] -- Using RMW implementation 'rmw_fastrtps_cpp' as default
[2.859s] -- Looking for pthread.h
[2.981s] -- Looking for pthread.h - found
[2.982s] -- Performing Test CMAKE_HAVE_LIBC_PTHREAD
[3.123s] -- Performing Test CMAKE_HAVE_LIBC_PTHREAD - Success
[3.123s] -- Found Threads: TRUE  
[3.262s] -- Found sensor_msgs: 4.9.2 (/opt/ros/humble/share/sensor_msgs/cmake)
[3.323s] -- Found ament_lint_auto: 0.12.15 (/opt/ros/humble/share/ament_lint_auto/cmake)
[3.485s] -- Added test 'cppcheck' to perform static code analysis on C / C++ code
[3.486s] -- Configured cppcheck include dirs: 
[3.486s] -- Configured cppcheck exclude dirs and/or files: 
[3.490s] -- Added test 'lint_cmake' to check CMake code style
[3.494s] -- Added test 'uncrustify' to check C / C++ code style
[3.494s] -- Configured uncrustify additional arguments: 
[3.494s] -- Added test 'xmllint' to check XML markup files
[3.501s] -- Configuring done
[3.518s] -- Generating done
[3.526s] -- Build files have been written to: /home/yutao/Desktop/my_proj/rgbd-semantic-mapping/ros2_ws/build/semantic_mapping
[3.545s] Invoked command in '/home/yutao/Desktop/my_proj/rgbd-semantic-mapping/ros2_ws/build/semantic_mapping' returned '0': CMAKE_PREFIX_PATH=/opt/ros/humble VIRTUAL_ENV_PROMPT=(.venv) /usr/bin/cmake /home/yutao/Desktop/my_proj/rgbd-semantic-mapping/ros2_ws/src/semantic_mapping -DCMAKE_INSTALL_PREFIX=/home/yutao/Desktop/my_proj/rgbd-semantic-mapping/ros2_ws/install/semantic_mapping
[3.546s] Invoking command in '/home/yutao/Desktop/my_proj/rgbd-semantic-mapping/ros2_ws/build/semantic_mapping': CMAKE_PREFIX_PATH=/opt/ros/humble VIRTUAL_ENV_PROMPT=(.venv) /usr/bin/cmake --build /home/yutao/Desktop/my_proj/rgbd-semantic-mapping/ros2_ws/build/semantic_mapping -- -j4 -l4
[3.632s] [ 50%] [32mBuilding CXX object CMakeFiles/semantic_mapping_node.dir/src/semantic_mapping_node.cpp.o[0m
[17.958s] [100%] [32m[1mLinking CXX executable semantic_mapping_node[0m
[18.749s] [100%] Built target semantic_mapping_node
[18.774s] Invoked command in '/home/yutao/Desktop/my_proj/rgbd-semantic-mapping/ros2_ws/build/semantic_mapping' returned '0': CMAKE_PREFIX_PATH=/opt/ros/humble VIRTUAL_ENV_PROMPT=(.venv) /usr/bin/cmake --build /home/yutao/Desktop/my_proj/rgbd-semantic-mapping/ros2_ws/build/semantic_mapping -- -j4 -l4
[18.791s] Invoking command in '/home/yutao/Desktop/my_proj/rgbd-semantic-mapping/ros2_ws/build/semantic_mapping': CMAKE_PREFIX_PATH=/opt/ros/humble VIRTUAL_ENV_PROMPT=(.venv) /usr/bin/cmake --install /home/yutao/Desktop/my_proj/rgbd-semantic-mapping/ros2_ws/build/semantic_mapping
[18.799s] -- Install configuration: ""
[18.811s] -- Installing: /home/yutao/Desktop/my_proj/rgbd-semantic-mapping/ros2_ws/install/semantic_mapping/lib/semantic_mapping/semantic_mapping_node
[18.816s] -- Set runtime path of "/home/yutao/Desktop/my_proj/rgbd-semantic-mapping/ros2_ws/install/semantic_mapping/lib/semantic_mapping/semantic_mapping_node" to ""
[18.816s] -- Installing: /home/yutao/Desktop/my_proj/rgbd-semantic-mapping/ros2_ws/install/semantic_mapping/share/ament_index/resource_index/package_run_dependencies/semantic_mapping
[18.816s] -- Installing: /home/yutao/Desktop/my_proj/rgbd-semantic-mapping/ros2_ws/install/semantic_mapping/share/ament_index/resource_index/parent_prefix_path/semantic_mapping
[18.816s] -- Installing: /home/yutao/Desktop/my_proj/rgbd-semantic-mapping/ros2_ws/install/semantic_mapping/share/semantic_mapping/environment/ament_prefix_path.sh
[18.817s] -- Installing: /home/yutao/Desktop/my_proj/rgbd-semantic-mapping/ros2_ws/install/semantic_mapping/share/semantic_mapping/environment/ament_prefix_path.dsv
[18.817s] -- Installing: /home/yutao/Desktop/my_proj/rgbd-semantic-mapping/ros2_ws/install/semantic_mapping/share/semantic_mapping/environment/path.sh
[18.817s] -- Installing: /home/yutao/Desktop/my_proj/rgbd-semantic-mapping/ros2_ws/install/semantic_mapping/share/semantic_mapping/environment/path.dsv
[18.817s] -- Installing: /home/yutao/Desktop/my_proj/rgbd-semantic-mapping/ros2_ws/install/semantic_mapping/share/semantic_mapping/local_setup.bash
[18.817s] -- Installing: /home/yutao/Desktop/my_proj/rgbd-semantic-mapping/ros2_ws/install/semantic_mapping/share/semantic_mapping/local_setup.sh
[18.817s] -- Installing: /home/yutao/Desktop/my_proj/rgbd-semantic-mapping/ros2_ws/install/semantic_mapping/share/semantic_mapping/local_setup.zsh
[18.818s] -- Installing: /home/yutao/Desktop/my_proj/rgbd-semantic-mapping/ros2_ws/install/semantic_mapping/share/semantic_mapping/local_setup.dsv
[18.818s] -- Installing: /home/yutao/Desktop/my_proj/rgbd-semantic-mapping/ros2_ws/install/semantic_mapping/share/semantic_mapping/package.dsv
[18.818s] -- Installing: /home/yutao/Desktop/my_proj/rgbd-semantic-mapping/ros2_ws/install/semantic_mapping/share/ament_index/resource_index/packages/semantic_mapping
[18.818s] -- Installing: /home/yutao/Desktop/my_proj/rgbd-semantic-mapping/ros2_ws/install/semantic_mapping/share/semantic_mapping/cmake/semantic_mappingConfig.cmake
[18.818s] -- Installing: /home/yutao/Desktop/my_proj/rgbd-semantic-mapping/ros2_ws/install/semantic_mapping/share/semantic_mapping/cmake/semantic_mappingConfig-version.cmake
[18.818s] -- Installing: /home/yutao/Desktop/my_proj/rgbd-semantic-mapping/ros2_ws/install/semantic_mapping/share/semantic_mapping/package.xml
[18.821s] Invoked command in '/home/yutao/Desktop/my_proj/rgbd-semantic-mapping/ros2_ws/build/semantic_mapping' returned '0': CMAKE_PREFIX_PATH=/opt/ros/humble VIRTUAL_ENV_PROMPT=(.venv) /usr/bin/cmake --install /home/yutao/Desktop/my_proj/rgbd-semantic-mapping/ros2_ws/build/semantic_mapping
