running egg_info
writing ../../build/rgbd_replay/rgbd_replay.egg-info/PKG-INFO
writing dependency_links to ../../build/rgbd_replay/rgbd_replay.egg-info/dependency_links.txt
writing entry points to ../../build/rgbd_replay/rgbd_replay.egg-info/entry_points.txt
writing requirements to ../../build/rgbd_replay/rgbd_replay.egg-info/requires.txt
writing top-level names to ../../build/rgbd_replay/rgbd_replay.egg-info/top_level.txt
reading manifest file '../../build/rgbd_replay/rgbd_replay.egg-info/SOURCES.txt'
adding license file 'LICENSE'
writing manifest file '../../build/rgbd_replay/rgbd_replay.egg-info/SOURCES.txt'
running build
running build_py
copying rgbd_replay/replay_node.py -> /home/yutao/Desktop/my_proj/rgbd-semantic-mapping/ros2_ws/build/rgbd_replay/build/lib/rgbd_replay
running install
running install_lib
copying /home/yutao/Desktop/my_proj/rgbd-semantic-mapping/ros2_ws/build/rgbd_replay/build/lib/rgbd_replay/replay_node.py -> /home/yutao/Desktop/my_proj/rgbd-semantic-mapping/ros2_ws/install/rgbd_replay/lib/python3.10/site-packages/rgbd_replay
byte-compiling /home/yutao/Desktop/my_proj/rgbd-semantic-mapping/ros2_ws/install/rgbd_replay/lib/python3.10/site-packages/rgbd_replay/replay_node.py to replay_node.cpython-310.pyc
running install_data
copying package.xml -> /home/yutao/Desktop/my_proj/rgbd-semantic-mapping/ros2_ws/install/rgbd_replay/share/rgbd_replay
running install_egg_info
removing '/home/yutao/Desktop/my_proj/rgbd-semantic-mapping/ros2_ws/install/rgbd_replay/lib/python3.10/site-packages/rgbd_replay-0.0.0-py3.10.egg-info' (and everything under it)
Copying ../../build/rgbd_replay/rgbd_replay.egg-info to /home/yutao/Desktop/my_proj/rgbd-semantic-mapping/ros2_ws/install/rgbd_replay/lib/python3.10/site-packages/rgbd_replay-0.0.0-py3.10.egg-info
running install_scripts
Installing replay_node script to /home/yutao/Desktop/my_proj/rgbd-semantic-mapping/ros2_ws/install/rgbd_replay/lib/rgbd_replay
writing list of installed files to '/home/yutao/Desktop/my_proj/rgbd-semantic-mapping/ros2_ws/build/rgbd_replay/install.log'
