[1.294s] Invoking command in '/home/yutao/Desktop/my_proj/rgbd-semantic-mapping/ros2_ws/build/semantic_segmentation': PYTHONPATH=/home/yutao/Desktop/my_proj/rgbd-semantic-mapping/ros2_ws/build/semantic_segmentation/prefix_override:/home/yutao/Desktop/my_proj/rgbd-semantic-mapping/.venv/lib/python3.10/site-packages/colcon_core/task/python/colcon_distutils_commands:/home/yutao/Desktop/my_proj/rgbd-semantic-mapping/ros2_ws/install/semantic_segmentation/lib/python3.10/site-packages:${PYTHONPATH} VIRTUAL_ENV_PROMPT=(.venv) /home/yutao/Desktop/my_proj/rgbd-semantic-mapping/.venv/bin/python -W ignore:setup.py install is deprecated -W ignore:easy_install command is deprecated setup.py develop --editable --build-directory /home/yutao/Desktop/my_proj/rgbd-semantic-mapping/ros2_ws/build/semantic_segmentation/build --no-deps symlink_data
[1.606s] running develop
[1.777s] running egg_info
[1.794s] creating semantic_segmentation.egg-info
[1.795s] writing semantic_segmentation.egg-info/PKG-INFO
[1.797s] writing dependency_links to semantic_segmentation.egg-info/dependency_links.txt
[1.797s] writing entry points to semantic_segmentation.egg-info/entry_points.txt
[1.798s] writing requirements to semantic_segmentation.egg-info/requires.txt
[1.798s] writing top-level names to semantic_segmentation.egg-info/top_level.txt
[1.799s] writing manifest file 'semantic_segmentation.egg-info/SOURCES.txt'
[1.846s] reading manifest file 'semantic_segmentation.egg-info/SOURCES.txt'
[1.851s] writing manifest file 'semantic_segmentation.egg-info/SOURCES.txt'
[1.875s] running build_ext
[1.879s] Creating /home/yutao/Desktop/my_proj/rgbd-semantic-mapping/ros2_ws/install/semantic_segmentation/lib/python3.10/site-packages/semantic-segmentation.egg-link (link to .)
[1.881s] Installing segmentation_node script to /home/yutao/Desktop/my_proj/rgbd-semantic-mapping/ros2_ws/install/semantic_segmentation/lib/semantic_segmentation
[1.883s] 
[1.885s] Installed /home/yutao/Desktop/my_proj/rgbd-semantic-mapping/ros2_ws/build/semantic_segmentation
[1.885s] running symlink_data
[1.886s] creating /home/yutao/Desktop/my_proj/rgbd-semantic-mapping/ros2_ws/install/semantic_segmentation/share/ament_index/resource_index/packages
[1.886s] symbolically linking /home/yutao/Desktop/my_proj/rgbd-semantic-mapping/ros2_ws/build/semantic_segmentation/resource/semantic_segmentation -> /home/yutao/Desktop/my_proj/rgbd-semantic-mapping/ros2_ws/install/semantic_segmentation/share/ament_index/resource_index/packages
[1.888s] symbolically linking /home/yutao/Desktop/my_proj/rgbd-semantic-mapping/ros2_ws/build/semantic_segmentation/package.xml -> /home/yutao/Desktop/my_proj/rgbd-semantic-mapping/ros2_ws/install/semantic_segmentation/share/semantic_segmentation
[1.930s] Invoked command in '/home/yutao/Desktop/my_proj/rgbd-semantic-mapping/ros2_ws/build/semantic_segmentation' returned '0': PYTHONPATH=/home/yutao/Desktop/my_proj/rgbd-semantic-mapping/ros2_ws/build/semantic_segmentation/prefix_override:/home/yutao/Desktop/my_proj/rgbd-semantic-mapping/.venv/lib/python3.10/site-packages/colcon_core/task/python/colcon_distutils_commands:/home/yutao/Desktop/my_proj/rgbd-semantic-mapping/ros2_ws/install/semantic_segmentation/lib/python3.10/site-packages:${PYTHONPATH} VIRTUAL_ENV_PROMPT=(.venv) /home/yutao/Desktop/my_proj/rgbd-semantic-mapping/.venv/bin/python -W ignore:setup.py install is deprecated -W ignore:easy_install command is deprecated setup.py develop --editable --build-directory /home/yutao/Desktop/my_proj/rgbd-semantic-mapping/ros2_ws/build/semantic_segmentation/build --no-deps symlink_data
