[0.045s] Invoking command in '/home/yutao/Desktop/my_proj/rgbd-semantic-mapping/ros2_ws/build/semantic_mapping': CMAKE_PREFIX_PATH=${CMAKE_PREFIX_PATH}:/home/yutao/Desktop/my_proj/rgbd-semantic-mapping/ros2_ws/install/semantic_segmentation:/home/yutao/Desktop/my_proj/rgbd-semantic-mapping/ros2_ws/install/rgbd_replay:/opt/ros/humble VIRTUAL_ENV_PROMPT=(.venv) /usr/bin/cmake --build /home/yutao/Desktop/my_proj/rgbd-semantic-mapping/ros2_ws/build/semantic_mapping -- -j4 -l4
[0.168s] -- Found ament_cmake: 1.3.14 (/opt/ros/humble/share/ament_cmake/cmake)
[0.553s] -- Found rclcpp: 16.0.19 (/opt/ros/humble/share/rclcpp/cmake)
[0.641s] -- Found rosidl_generator_c: 3.1.9 (/opt/ros/humble/share/rosidl_generator_c/cmake)
[0.650s] -- Found rosidl_adapter: 3.1.9 (/opt/ros/humble/share/rosidl_adapter/cmake)
[0.673s] -- Found rosidl_generator_cpp: 3.1.9 (/opt/ros/humble/share/rosidl_generator_cpp/cmake)
[0.706s] -- Using all available rosidl_typesupport_c: rosidl_typesupport_fastrtps_c;rosidl_typesupport_introspection_c
[0.745s] -- Using all available rosidl_typesupport_cpp: rosidl_typesupport_fastrtps_cpp;rosidl_typesupport_introspection_cpp
[0.877s] -- Found rmw_implementation_cmake: 6.1.3 (/opt/ros/humble/share/rmw_implementation_cmake/cmake)
[0.883s] -- Found rmw_fastrtps_cpp: 6.2.10 (/opt/ros/humble/share/rmw_fastrtps_cpp/cmake)
[1.122s] -- Using RMW implementation 'rmw_fastrtps_cpp' as default
[1.275s] -- Found sensor_msgs: 4.9.2 (/opt/ros/humble/share/sensor_msgs/cmake)
[1.360s] -- Found message_filters: 4.3.19 (/opt/ros/humble/share/message_filters/cmake)
[1.374s] -- Found ament_lint_auto: 0.12.15 (/opt/ros/humble/share/ament_lint_auto/cmake)
[1.563s] -- Added test 'cppcheck' to perform static code analysis on C / C++ code
[1.563s] -- Configured cppcheck include dirs: 
[1.563s] -- Configured cppcheck exclude dirs and/or files: 
[1.565s] -- Added test 'lint_cmake' to check CMake code style
[1.567s] -- Added test 'uncrustify' to check C / C++ code style
[1.567s] -- Configured uncrustify additional arguments: 
[1.568s] -- Added test 'xmllint' to check XML markup files
[1.575s] -- Configuring done
[1.625s] -- Generating done
[1.639s] -- Build files have been written to: /home/yutao/Desktop/my_proj/rgbd-semantic-mapping/ros2_ws/build/semantic_mapping
[1.700s] [35m[1mConsolidate compiler generated dependencies of target semantic_mapping_node[0m
[1.729s] [ 50%] [32mBuilding CXX object CMakeFiles/semantic_mapping_node.dir/src/semantic_mapping_node.cpp.o[0m
[22.758s] [100%] [32m[1mLinking CXX executable semantic_mapping_node[0m
[23.784s] [100%] Built target semantic_mapping_node
[23.808s] Invoked command in '/home/yutao/Desktop/my_proj/rgbd-semantic-mapping/ros2_ws/build/semantic_mapping' returned '0': CMAKE_PREFIX_PATH=${CMAKE_PREFIX_PATH}:/home/yutao/Desktop/my_proj/rgbd-semantic-mapping/ros2_ws/install/semantic_segmentation:/home/yutao/Desktop/my_proj/rgbd-semantic-mapping/ros2_ws/install/rgbd_replay:/opt/ros/humble VIRTUAL_ENV_PROMPT=(.venv) /usr/bin/cmake --build /home/yutao/Desktop/my_proj/rgbd-semantic-mapping/ros2_ws/build/semantic_mapping -- -j4 -l4
[23.825s] Invoking command in '/home/yutao/Desktop/my_proj/rgbd-semantic-mapping/ros2_ws/build/semantic_mapping': CMAKE_PREFIX_PATH=${CMAKE_PREFIX_PATH}:/home/yutao/Desktop/my_proj/rgbd-semantic-mapping/ros2_ws/install/semantic_segmentation:/home/yutao/Desktop/my_proj/rgbd-semantic-mapping/ros2_ws/install/rgbd_replay:/opt/ros/humble VIRTUAL_ENV_PROMPT=(.venv) /usr/bin/cmake --install /home/yutao/Desktop/my_proj/rgbd-semantic-mapping/ros2_ws/build/semantic_mapping
[23.846s] -- Install configuration: ""
[23.847s] -- Installing: /home/yutao/Desktop/my_proj/rgbd-semantic-mapping/ros2_ws/install/semantic_mapping/lib/semantic_mapping/semantic_mapping_node
[23.859s] -- Set runtime path of "/home/yutao/Desktop/my_proj/rgbd-semantic-mapping/ros2_ws/install/semantic_mapping/lib/semantic_mapping/semantic_mapping_node" to ""
[23.859s] -- Installing: /home/yutao/Desktop/my_proj/rgbd-semantic-mapping/ros2_ws/install/semantic_mapping/share/ament_index/resource_index/package_run_dependencies/semantic_mapping
[23.860s] -- Installing: /home/yutao/Desktop/my_proj/rgbd-semantic-mapping/ros2_ws/install/semantic_mapping/share/ament_index/resource_index/parent_prefix_path/semantic_mapping
[23.860s] -- Up-to-date: /home/yutao/Desktop/my_proj/rgbd-semantic-mapping/ros2_ws/install/semantic_mapping/share/semantic_mapping/environment/ament_prefix_path.sh
[23.861s] -- Installing: /home/yutao/Desktop/my_proj/rgbd-semantic-mapping/ros2_ws/install/semantic_mapping/share/semantic_mapping/environment/ament_prefix_path.dsv
[23.861s] -- Up-to-date: /home/yutao/Desktop/my_proj/rgbd-semantic-mapping/ros2_ws/install/semantic_mapping/share/semantic_mapping/environment/path.sh
[23.861s] -- Installing: /home/yutao/Desktop/my_proj/rgbd-semantic-mapping/ros2_ws/install/semantic_mapping/share/semantic_mapping/environment/path.dsv
[23.861s] -- Up-to-date: /home/yutao/Desktop/my_proj/rgbd-semantic-mapping/ros2_ws/install/semantic_mapping/share/semantic_mapping/local_setup.bash
[23.861s] -- Up-to-date: /home/yutao/Desktop/my_proj/rgbd-semantic-mapping/ros2_ws/install/semantic_mapping/share/semantic_mapping/local_setup.sh
[23.861s] -- Up-to-date: /home/yutao/Desktop/my_proj/rgbd-semantic-mapping/ros2_ws/install/semantic_mapping/share/semantic_mapping/local_setup.zsh
[23.861s] -- Installing: /home/yutao/Desktop/my_proj/rgbd-semantic-mapping/ros2_ws/install/semantic_mapping/share/semantic_mapping/local_setup.dsv
[23.861s] -- Installing: /home/yutao/Desktop/my_proj/rgbd-semantic-mapping/ros2_ws/install/semantic_mapping/share/semantic_mapping/package.dsv
[23.861s] -- Up-to-date: /home/yutao/Desktop/my_proj/rgbd-semantic-mapping/ros2_ws/install/semantic_mapping/share/ament_index/resource_index/packages/semantic_mapping
[23.862s] -- Up-to-date: /home/yutao/Desktop/my_proj/rgbd-semantic-mapping/ros2_ws/install/semantic_mapping/share/semantic_mapping/cmake/semantic_mappingConfig.cmake
[23.862s] -- Up-to-date: /home/yutao/Desktop/my_proj/rgbd-semantic-mapping/ros2_ws/install/semantic_mapping/share/semantic_mapping/cmake/semantic_mappingConfig-version.cmake
[23.862s] -- Installing: /home/yutao/Desktop/my_proj/rgbd-semantic-mapping/ros2_ws/install/semantic_mapping/share/semantic_mapping/package.xml
[23.866s] Invoked command in '/home/yutao/Desktop/my_proj/rgbd-semantic-mapping/ros2_ws/build/semantic_mapping' returned '0': CMAKE_PREFIX_PATH=${CMAKE_PREFIX_PATH}:/home/yutao/Desktop/my_proj/rgbd-semantic-mapping/ros2_ws/install/semantic_segmentation:/home/yutao/Desktop/my_proj/rgbd-semantic-mapping/ros2_ws/install/rgbd_replay:/opt/ros/humble VIRTUAL_ENV_PROMPT=(.venv) /usr/bin/cmake --install /home/yutao/Desktop/my_proj/rgbd-semantic-mapping/ros2_ws/build/semantic_mapping
