[0.822s] DEBUG:colcon:Command line arguments: ['../.venv/bin/colcon', 'build', '--packages-select', 'semantic_mapping']
[0.822s] DEBUG:colcon:Parsed command line arguments: Namespace(log_base=None, log_level=None, verb_name='build', build_base='build', install_base='install', merge_install=False, symlink_install=False, test_result_base=None, continue_on_error=False, executor='parallel', parallel_workers=4, event_handlers=None, ignore_user_meta=False, metas=['./colcon.meta'], base_paths=['.'], packages_ignore=None, packages_ignore_regex=None, paths=None, packages_up_to=None, packages_up_to_regex=None, packages_above=None, packages_above_and_dependencies=None, packages_above_depth=None, packages_select_by_dep=None, packages_skip_by_dep=None, packages_skip_up_to=None, packages_select_build_failed=False, packages_skip_build_finished=False, packages_select_test_failures=False, packages_skip_test_passed=False, packages_select=['semantic_mapping'], packages_skip=None, packages_select_regex=None, packages_skip_regex=None, packages_start=None, packages_end=None, cmake_args=None, cmake_target=None, cmake_target_skip_unavailable=False, cmake_clean_cache=False, cmake_clean_first=False, cmake_force_configure=False, ament_cmake_args=None, catkin_cmake_args=None, catkin_skip_building_tests=False, verb_parser=<colcon_defaults.argument_parser.defaults.DefaultArgumentsDecorator object at 0x71ca15976a70>, verb_extension=<colcon_core.verb.build.BuildVerb object at 0x71ca15976080>, main=<bound method BuildVerb.main of <colcon_core.verb.build.BuildVerb object at 0x71ca15976080>>)
[1.032s] Level 1:colcon.colcon_core.package_discovery:discover_packages(colcon_meta) check parameters
[1.032s] Level 1:colcon.colcon_core.package_discovery:discover_packages(recursive) check parameters
[1.032s] Level 1:colcon.colcon_core.package_discovery:discover_packages(ignore) check parameters
[1.032s] Level 1:colcon.colcon_core.package_discovery:discover_packages(path) check parameters
[1.032s] Level 1:colcon.colcon_core.package_discovery:discover_packages(colcon_meta) discover
[1.032s] Level 1:colcon.colcon_core.package_discovery:discover_packages(recursive) discover
[1.033s] INFO:colcon.colcon_core.package_discovery:Crawling recursively for packages in '/home/yutao/Desktop/my_proj/rgbd-semantic-mapping/ros2_ws'
[1.033s] Level 1:colcon.colcon_core.package_identification:_identify(.) by extensions ['ignore', 'ignore_ament_install']
[1.034s] Level 1:colcon.colcon_core.package_identification:_identify(.) by extension 'ignore'
[1.034s] Level 1:colcon.colcon_core.package_identification:_identify(.) by extension 'ignore_ament_install'
[1.035s] Level 1:colcon.colcon_core.package_identification:_identify(.) by extensions ['colcon_pkg']
[1.035s] Level 1:colcon.colcon_core.package_identification:_identify(.) by extension 'colcon_pkg'
[1.035s] Level 1:colcon.colcon_core.package_identification:_identify(.) by extensions ['colcon_meta']
[1.035s] Level 1:colcon.colcon_core.package_identification:_identify(.) by extension 'colcon_meta'
[1.036s] Level 1:colcon.colcon_core.package_identification:_identify(.) by extensions ['ros']
[1.036s] Level 1:colcon.colcon_core.package_identification:_identify(.) by extension 'ros'
[1.125s] Level 1:colcon.colcon_core.package_identification:_identify(.) by extensions ['cmake', 'python']
[1.125s] Level 1:colcon.colcon_core.package_identification:_identify(.) by extension 'cmake'
[1.125s] Level 1:colcon.colcon_core.package_identification:_identify(.) by extension 'python'
[1.126s] Level 1:colcon.colcon_core.package_identification:_identify(.) by extensions ['python_setup_py']
[1.126s] Level 1:colcon.colcon_core.package_identification:_identify(.) by extension 'python_setup_py'
[1.126s] Level 1:colcon.colcon_core.package_identification:_identify(build) by extensions ['ignore', 'ignore_ament_install']
[1.126s] Level 1:colcon.colcon_core.package_identification:_identify(build) by extension 'ignore'
[1.127s] Level 1:colcon.colcon_core.package_identification:_identify(build) ignored
[1.128s] Level 1:colcon.colcon_core.package_identification:_identify(install) by extensions ['ignore', 'ignore_ament_install']
[1.128s] Level 1:colcon.colcon_core.package_identification:_identify(install) by extension 'ignore'
[1.128s] Level 1:colcon.colcon_core.package_identification:_identify(install) ignored
[1.128s] Level 1:colcon.colcon_core.package_identification:_identify(log) by extensions ['ignore', 'ignore_ament_install']
[1.128s] Level 1:colcon.colcon_core.package_identification:_identify(log) by extension 'ignore'
[1.128s] Level 1:colcon.colcon_core.package_identification:_identify(log) ignored
[1.128s] Level 1:colcon.colcon_core.package_identification:_identify(src) by extensions ['ignore', 'ignore_ament_install']
[1.128s] Level 1:colcon.colcon_core.package_identification:_identify(src) by extension 'ignore'
[1.129s] Level 1:colcon.colcon_core.package_identification:_identify(src) by extension 'ignore_ament_install'
[1.130s] Level 1:colcon.colcon_core.package_identification:_identify(src) by extensions ['colcon_pkg']
[1.130s] Level 1:colcon.colcon_core.package_identification:_identify(src) by extension 'colcon_pkg'
[1.130s] Level 1:colcon.colcon_core.package_identification:_identify(src) by extensions ['colcon_meta']
[1.130s] Level 1:colcon.colcon_core.package_identification:_identify(src) by extension 'colcon_meta'
[1.130s] Level 1:colcon.colcon_core.package_identification:_identify(src) by extensions ['ros']
[1.130s] Level 1:colcon.colcon_core.package_identification:_identify(src) by extension 'ros'
[1.131s] Level 1:colcon.colcon_core.package_identification:_identify(src) by extensions ['cmake', 'python']
[1.132s] Level 1:colcon.colcon_core.package_identification:_identify(src) by extension 'cmake'
[1.132s] Level 1:colcon.colcon_core.package_identification:_identify(src) by extension 'python'
[1.132s] Level 1:colcon.colcon_core.package_identification:_identify(src) by extensions ['python_setup_py']
[1.132s] Level 1:colcon.colcon_core.package_identification:_identify(src) by extension 'python_setup_py'
[1.132s] Level 1:colcon.colcon_core.package_identification:_identify(src/rgbd_replay) by extensions ['ignore', 'ignore_ament_install']
[1.134s] Level 1:colcon.colcon_core.package_identification:_identify(src/rgbd_replay) by extension 'ignore'
[1.134s] Level 1:colcon.colcon_core.package_identification:_identify(src/rgbd_replay) by extension 'ignore_ament_install'
[1.134s] Level 1:colcon.colcon_core.package_identification:_identify(src/rgbd_replay) by extensions ['colcon_pkg']
[1.135s] Level 1:colcon.colcon_core.package_identification:_identify(src/rgbd_replay) by extension 'colcon_pkg'
[1.135s] Level 1:colcon.colcon_core.package_identification:_identify(src/rgbd_replay) by extensions ['colcon_meta']
[1.135s] Level 1:colcon.colcon_core.package_identification:_identify(src/rgbd_replay) by extension 'colcon_meta'
[1.135s] Level 1:colcon.colcon_core.package_identification:_identify(src/rgbd_replay) by extensions ['ros']
[1.135s] Level 1:colcon.colcon_core.package_identification:_identify(src/rgbd_replay) by extension 'ros'
[1.140s] DEBUG:colcon.colcon_core.package_identification:Package 'src/rgbd_replay' with type 'ros.ament_python' and name 'rgbd_replay'
[1.140s] Level 1:colcon.colcon_core.package_identification:_identify(src/semantic_mapping) by extensions ['ignore', 'ignore_ament_install']
[1.140s] Level 1:colcon.colcon_core.package_identification:_identify(src/semantic_mapping) by extension 'ignore'
[1.141s] Level 1:colcon.colcon_core.package_identification:_identify(src/semantic_mapping) by extension 'ignore_ament_install'
[1.141s] Level 1:colcon.colcon_core.package_identification:_identify(src/semantic_mapping) by extensions ['colcon_pkg']
[1.141s] Level 1:colcon.colcon_core.package_identification:_identify(src/semantic_mapping) by extension 'colcon_pkg'
[1.141s] Level 1:colcon.colcon_core.package_identification:_identify(src/semantic_mapping) by extensions ['colcon_meta']
[1.141s] Level 1:colcon.colcon_core.package_identification:_identify(src/semantic_mapping) by extension 'colcon_meta'
[1.141s] Level 1:colcon.colcon_core.package_identification:_identify(src/semantic_mapping) by extensions ['ros']
[1.141s] Level 1:colcon.colcon_core.package_identification:_identify(src/semantic_mapping) by extension 'ros'
[1.142s] DEBUG:colcon.colcon_core.package_identification:Package 'src/semantic_mapping' with type 'ros.ament_cmake' and name 'semantic_mapping'
[1.142s] Level 1:colcon.colcon_core.package_identification:_identify(src/semantic_segmentation) by extensions ['ignore', 'ignore_ament_install']
[1.142s] Level 1:colcon.colcon_core.package_identification:_identify(src/semantic_segmentation) by extension 'ignore'
[1.142s] Level 1:colcon.colcon_core.package_identification:_identify(src/semantic_segmentation) by extension 'ignore_ament_install'
[1.142s] Level 1:colcon.colcon_core.package_identification:_identify(src/semantic_segmentation) by extensions ['colcon_pkg']
[1.142s] Level 1:colcon.colcon_core.package_identification:_identify(src/semantic_segmentation) by extension 'colcon_pkg'
[1.142s] Level 1:colcon.colcon_core.package_identification:_identify(src/semantic_segmentation) by extensions ['colcon_meta']
[1.142s] Level 1:colcon.colcon_core.package_identification:_identify(src/semantic_segmentation) by extension 'colcon_meta'
[1.142s] Level 1:colcon.colcon_core.package_identification:_identify(src/semantic_segmentation) by extensions ['ros']
[1.142s] Level 1:colcon.colcon_core.package_identification:_identify(src/semantic_segmentation) by extension 'ros'
[1.144s] DEBUG:colcon.colcon_core.package_identification:Package 'src/semantic_segmentation' with type 'ros.ament_python' and name 'semantic_segmentation'
[1.144s] Level 1:colcon.colcon_core.package_discovery:discover_packages(recursive) using defaults
[1.144s] Level 1:colcon.colcon_core.package_discovery:discover_packages(ignore) discover
[1.144s] Level 1:colcon.colcon_core.package_discovery:discover_packages(ignore) using defaults
[1.144s] Level 1:colcon.colcon_core.package_discovery:discover_packages(path) discover
[1.144s] Level 1:colcon.colcon_core.package_discovery:discover_packages(path) using defaults
[1.190s] INFO:colcon.colcon_core.package_selection:Skipping not selected package 'rgbd_replay' in 'src/rgbd_replay'
[1.191s] INFO:colcon.colcon_core.package_selection:Skipping not selected package 'semantic_segmentation' in 'src/semantic_segmentation'
[1.191s] Level 5:colcon.colcon_core.verb:set package 'semantic_mapping' build argument 'cmake_args' from command line to 'None'
[1.191s] Level 5:colcon.colcon_core.verb:set package 'semantic_mapping' build argument 'cmake_target' from command line to 'None'
[1.192s] Level 5:colcon.colcon_core.verb:set package 'semantic_mapping' build argument 'cmake_target_skip_unavailable' from command line to 'False'
[1.192s] Level 5:colcon.colcon_core.verb:set package 'semantic_mapping' build argument 'cmake_clean_cache' from command line to 'False'
[1.192s] Level 5:colcon.colcon_core.verb:set package 'semantic_mapping' build argument 'cmake_clean_first' from command line to 'False'
[1.192s] Level 5:colcon.colcon_core.verb:set package 'semantic_mapping' build argument 'cmake_force_configure' from command line to 'False'
[1.192s] Level 5:colcon.colcon_core.verb:set package 'semantic_mapping' build argument 'ament_cmake_args' from command line to 'None'
[1.192s] Level 5:colcon.colcon_core.verb:set package 'semantic_mapping' build argument 'catkin_cmake_args' from command line to 'None'
[1.192s] Level 5:colcon.colcon_core.verb:set package 'semantic_mapping' build argument 'catkin_skip_building_tests' from command line to 'False'
[1.192s] DEBUG:colcon.colcon_core.verb:Building package 'semantic_mapping' with the following arguments: {'ament_cmake_args': None, 'build_base': '/home/yutao/Desktop/my_proj/rgbd-semantic-mapping/ros2_ws/build/semantic_mapping', 'catkin_cmake_args': None, 'catkin_skip_building_tests': False, 'cmake_args': None, 'cmake_clean_cache': False, 'cmake_clean_first': False, 'cmake_force_configure': False, 'cmake_target': None, 'cmake_target_skip_unavailable': False, 'install_base': '/home/yutao/Desktop/my_proj/rgbd-semantic-mapping/ros2_ws/install/semantic_mapping', 'merge_install': False, 'path': '/home/yutao/Desktop/my_proj/rgbd-semantic-mapping/ros2_ws/src/semantic_mapping', 'symlink_install': False, 'test_result_base': None}
[1.193s] INFO:colcon.colcon_core.executor:Executing jobs using 'parallel' executor
[1.196s] DEBUG:colcon.colcon_parallel_executor.executor.parallel:run_until_complete
[1.196s] INFO:colcon.colcon_ros.task.ament_cmake.build:Building ROS package in '/home/yutao/Desktop/my_proj/rgbd-semantic-mapping/ros2_ws/src/semantic_mapping' with build type 'ament_cmake'
[1.197s] INFO:colcon.colcon_cmake.task.cmake.build:Building CMake package in '/home/yutao/Desktop/my_proj/rgbd-semantic-mapping/ros2_ws/src/semantic_mapping'
[1.207s] INFO:colcon.colcon_core.plugin_system:Skipping extension 'colcon_core.shell.bat': Not used on non-Windows systems
[1.208s] INFO:colcon.colcon_core.shell:Skip shell extension 'powershell' for command environment: Not usable outside of PowerShell
[1.208s] DEBUG:colcon.colcon_core.shell:Skip shell extension 'dsv' for command environment
[1.233s] DEBUG:colcon.colcon_core.event_handler.log_command:Invoking command in '/home/yutao/Desktop/my_proj/rgbd-semantic-mapping/ros2_ws/build/semantic_mapping': CMAKE_PREFIX_PATH=/opt/ros/humble VIRTUAL_ENV_PROMPT=(.venv) /usr/bin/cmake /home/yutao/Desktop/my_proj/rgbd-semantic-mapping/ros2_ws/src/semantic_mapping -DCMAKE_INSTALL_PREFIX=/home/yutao/Desktop/my_proj/rgbd-semantic-mapping/ros2_ws/install/semantic_mapping
[4.743s] DEBUG:colcon.colcon_core.event_handler.log_command:Invoked command in '/home/yutao/Desktop/my_proj/rgbd-semantic-mapping/ros2_ws/build/semantic_mapping' returned '0': CMAKE_PREFIX_PATH=/opt/ros/humble VIRTUAL_ENV_PROMPT=(.venv) /usr/bin/cmake /home/yutao/Desktop/my_proj/rgbd-semantic-mapping/ros2_ws/src/semantic_mapping -DCMAKE_INSTALL_PREFIX=/home/yutao/Desktop/my_proj/rgbd-semantic-mapping/ros2_ws/install/semantic_mapping
[4.744s] DEBUG:colcon.colcon_core.event_handler.log_command:Invoking command in '/home/yutao/Desktop/my_proj/rgbd-semantic-mapping/ros2_ws/build/semantic_mapping': CMAKE_PREFIX_PATH=/opt/ros/humble VIRTUAL_ENV_PROMPT=(.venv) /usr/bin/cmake --build /home/yutao/Desktop/my_proj/rgbd-semantic-mapping/ros2_ws/build/semantic_mapping -- -j4 -l4
[19.972s] DEBUG:colcon.colcon_core.event_handler.log_command:Invoked command in '/home/yutao/Desktop/my_proj/rgbd-semantic-mapping/ros2_ws/build/semantic_mapping' returned '0': CMAKE_PREFIX_PATH=/opt/ros/humble VIRTUAL_ENV_PROMPT=(.venv) /usr/bin/cmake --build /home/yutao/Desktop/my_proj/rgbd-semantic-mapping/ros2_ws/build/semantic_mapping -- -j4 -l4
[19.989s] DEBUG:colcon.colcon_core.event_handler.log_command:Invoking command in '/home/yutao/Desktop/my_proj/rgbd-semantic-mapping/ros2_ws/build/semantic_mapping': CMAKE_PREFIX_PATH=/opt/ros/humble VIRTUAL_ENV_PROMPT=(.venv) /usr/bin/cmake --install /home/yutao/Desktop/my_proj/rgbd-semantic-mapping/ros2_ws/build/semantic_mapping
[20.018s] Level 1:colcon.colcon_core.environment:create_environment_scripts_only(semantic_mapping)
[20.019s] DEBUG:colcon.colcon_core.event_handler.log_command:Invoked command in '/home/yutao/Desktop/my_proj/rgbd-semantic-mapping/ros2_ws/build/semantic_mapping' returned '0': CMAKE_PREFIX_PATH=/opt/ros/humble VIRTUAL_ENV_PROMPT=(.venv) /usr/bin/cmake --install /home/yutao/Desktop/my_proj/rgbd-semantic-mapping/ros2_ws/build/semantic_mapping
[20.037s] Level 1:colcon.colcon_core.environment:checking '/home/yutao/Desktop/my_proj/rgbd-semantic-mapping/ros2_ws/install/semantic_mapping' for CMake module files
[20.038s] Level 1:colcon.colcon_core.environment:checking '/home/yutao/Desktop/my_proj/rgbd-semantic-mapping/ros2_ws/install/semantic_mapping' for CMake config files
[20.039s] Level 1:colcon.colcon_core.shell:create_environment_hook('semantic_mapping', 'cmake_prefix_path')
[20.039s] INFO:colcon.colcon_core.shell:Creating environment hook '/home/yutao/Desktop/my_proj/rgbd-semantic-mapping/ros2_ws/install/semantic_mapping/share/semantic_mapping/hook/cmake_prefix_path.ps1'
[20.041s] INFO:colcon.colcon_core.shell:Creating environment descriptor '/home/yutao/Desktop/my_proj/rgbd-semantic-mapping/ros2_ws/install/semantic_mapping/share/semantic_mapping/hook/cmake_prefix_path.dsv'
[20.043s] INFO:colcon.colcon_core.shell:Creating environment hook '/home/yutao/Desktop/my_proj/rgbd-semantic-mapping/ros2_ws/install/semantic_mapping/share/semantic_mapping/hook/cmake_prefix_path.sh'
[20.046s] Level 1:colcon.colcon_core.environment:checking '/home/yutao/Desktop/my_proj/rgbd-semantic-mapping/ros2_ws/install/semantic_mapping/lib'
[20.046s] Level 1:colcon.colcon_core.environment:checking '/home/yutao/Desktop/my_proj/rgbd-semantic-mapping/ros2_ws/install/semantic_mapping/bin'
[20.046s] Level 1:colcon.colcon_core.environment:checking '/home/yutao/Desktop/my_proj/rgbd-semantic-mapping/ros2_ws/install/semantic_mapping/lib/pkgconfig/semantic_mapping.pc'
[20.047s] Level 1:colcon.colcon_core.environment:checking '/home/yutao/Desktop/my_proj/rgbd-semantic-mapping/ros2_ws/install/semantic_mapping/lib/python3.10/site-packages'
[20.048s] Level 1:colcon.colcon_core.environment:checking '/home/yutao/Desktop/my_proj/rgbd-semantic-mapping/ros2_ws/install/semantic_mapping/bin'
[20.048s] INFO:colcon.colcon_core.shell:Creating package script '/home/yutao/Desktop/my_proj/rgbd-semantic-mapping/ros2_ws/install/semantic_mapping/share/semantic_mapping/package.ps1'
[20.052s] INFO:colcon.colcon_core.shell:Creating package descriptor '/home/yutao/Desktop/my_proj/rgbd-semantic-mapping/ros2_ws/install/semantic_mapping/share/semantic_mapping/package.dsv'
[20.057s] INFO:colcon.colcon_core.shell:Creating package script '/home/yutao/Desktop/my_proj/rgbd-semantic-mapping/ros2_ws/install/semantic_mapping/share/semantic_mapping/package.sh'
[20.060s] INFO:colcon.colcon_core.shell:Creating package script '/home/yutao/Desktop/my_proj/rgbd-semantic-mapping/ros2_ws/install/semantic_mapping/share/semantic_mapping/package.bash'
[20.063s] INFO:colcon.colcon_core.shell:Creating package script '/home/yutao/Desktop/my_proj/rgbd-semantic-mapping/ros2_ws/install/semantic_mapping/share/semantic_mapping/package.zsh'
[20.067s] Level 1:colcon.colcon_core.environment:create_file_with_runtime_dependencies(/home/yutao/Desktop/my_proj/rgbd-semantic-mapping/ros2_ws/install/semantic_mapping/share/colcon-core/packages/semantic_mapping)
[20.067s] Level 1:colcon.colcon_core.environment:create_environment_scripts_only(semantic_mapping)
[20.068s] Level 1:colcon.colcon_core.environment:checking '/home/yutao/Desktop/my_proj/rgbd-semantic-mapping/ros2_ws/install/semantic_mapping' for CMake module files
[20.070s] Level 1:colcon.colcon_core.environment:checking '/home/yutao/Desktop/my_proj/rgbd-semantic-mapping/ros2_ws/install/semantic_mapping' for CMake config files
[20.071s] Level 1:colcon.colcon_core.shell:create_environment_hook('semantic_mapping', 'cmake_prefix_path')
[20.071s] INFO:colcon.colcon_core.shell:Creating environment hook '/home/yutao/Desktop/my_proj/rgbd-semantic-mapping/ros2_ws/install/semantic_mapping/share/semantic_mapping/hook/cmake_prefix_path.ps1'
[20.073s] INFO:colcon.colcon_core.shell:Creating environment descriptor '/home/yutao/Desktop/my_proj/rgbd-semantic-mapping/ros2_ws/install/semantic_mapping/share/semantic_mapping/hook/cmake_prefix_path.dsv'
[20.075s] INFO:colcon.colcon_core.shell:Creating environment hook '/home/yutao/Desktop/my_proj/rgbd-semantic-mapping/ros2_ws/install/semantic_mapping/share/semantic_mapping/hook/cmake_prefix_path.sh'
[20.075s] Level 1:colcon.colcon_core.environment:checking '/home/yutao/Desktop/my_proj/rgbd-semantic-mapping/ros2_ws/install/semantic_mapping/lib'
[20.076s] Level 1:colcon.colcon_core.environment:checking '/home/yutao/Desktop/my_proj/rgbd-semantic-mapping/ros2_ws/install/semantic_mapping/bin'
[20.076s] Level 1:colcon.colcon_core.environment:checking '/home/yutao/Desktop/my_proj/rgbd-semantic-mapping/ros2_ws/install/semantic_mapping/lib/pkgconfig/semantic_mapping.pc'
[20.076s] Level 1:colcon.colcon_core.environment:checking '/home/yutao/Desktop/my_proj/rgbd-semantic-mapping/ros2_ws/install/semantic_mapping/lib/python3.10/site-packages'
[20.077s] Level 1:colcon.colcon_core.environment:checking '/home/yutao/Desktop/my_proj/rgbd-semantic-mapping/ros2_ws/install/semantic_mapping/bin'
[20.077s] INFO:colcon.colcon_core.shell:Creating package script '/home/yutao/Desktop/my_proj/rgbd-semantic-mapping/ros2_ws/install/semantic_mapping/share/semantic_mapping/package.ps1'
[20.078s] INFO:colcon.colcon_core.shell:Creating package descriptor '/home/yutao/Desktop/my_proj/rgbd-semantic-mapping/ros2_ws/install/semantic_mapping/share/semantic_mapping/package.dsv'
[20.079s] INFO:colcon.colcon_core.shell:Creating package script '/home/yutao/Desktop/my_proj/rgbd-semantic-mapping/ros2_ws/install/semantic_mapping/share/semantic_mapping/package.sh'
[20.079s] INFO:colcon.colcon_core.shell:Creating package script '/home/yutao/Desktop/my_proj/rgbd-semantic-mapping/ros2_ws/install/semantic_mapping/share/semantic_mapping/package.bash'
[20.080s] INFO:colcon.colcon_core.shell:Creating package script '/home/yutao/Desktop/my_proj/rgbd-semantic-mapping/ros2_ws/install/semantic_mapping/share/semantic_mapping/package.zsh'
[20.081s] Level 1:colcon.colcon_core.environment:create_file_with_runtime_dependencies(/home/yutao/Desktop/my_proj/rgbd-semantic-mapping/ros2_ws/install/semantic_mapping/share/colcon-core/packages/semantic_mapping)
[20.081s] DEBUG:colcon.colcon_parallel_executor.executor.parallel:closing loop
[20.082s] DEBUG:colcon.colcon_parallel_executor.executor.parallel:loop closed
[20.082s] DEBUG:colcon.colcon_parallel_executor.executor.parallel:run_until_complete finished with '0'
[20.082s] DEBUG:colcon.colcon_core.event_reactor:joining thread
[20.083s] DEBUG:colcon.colcon_core.event_reactor:joined thread
[20.083s] INFO:colcon.colcon_core.shell:Creating prefix script '/home/yutao/Desktop/my_proj/rgbd-semantic-mapping/ros2_ws/install/local_setup.ps1'
[20.087s] INFO:colcon.colcon_core.shell:Creating prefix util module '/home/yutao/Desktop/my_proj/rgbd-semantic-mapping/ros2_ws/install/_local_setup_util_ps1.py'
[20.093s] INFO:colcon.colcon_core.shell:Creating prefix chain script '/home/yutao/Desktop/my_proj/rgbd-semantic-mapping/ros2_ws/install/setup.ps1'
[20.096s] INFO:colcon.colcon_core.shell:Creating prefix script '/home/yutao/Desktop/my_proj/rgbd-semantic-mapping/ros2_ws/install/local_setup.sh'
[20.097s] INFO:colcon.colcon_core.shell:Creating prefix util module '/home/yutao/Desktop/my_proj/rgbd-semantic-mapping/ros2_ws/install/_local_setup_util_sh.py'
[20.098s] INFO:colcon.colcon_core.shell:Creating prefix chain script '/home/yutao/Desktop/my_proj/rgbd-semantic-mapping/ros2_ws/install/setup.sh'
[20.101s] INFO:colcon.colcon_core.shell:Creating prefix script '/home/yutao/Desktop/my_proj/rgbd-semantic-mapping/ros2_ws/install/local_setup.bash'
[20.104s] INFO:colcon.colcon_core.shell:Creating prefix chain script '/home/yutao/Desktop/my_proj/rgbd-semantic-mapping/ros2_ws/install/setup.bash'
[20.106s] INFO:colcon.colcon_core.shell:Creating prefix script '/home/yutao/Desktop/my_proj/rgbd-semantic-mapping/ros2_ws/install/local_setup.zsh'
[20.108s] INFO:colcon.colcon_core.shell:Creating prefix chain script '/home/yutao/Desktop/my_proj/rgbd-semantic-mapping/ros2_ws/install/setup.zsh'
