running develop
running egg_info
creating semantic_segmentation.egg-info
writing semantic_segmentation.egg-info/PKG-INFO
writing dependency_links to semantic_segmentation.egg-info/dependency_links.txt
writing entry points to semantic_segmentation.egg-info/entry_points.txt
writing requirements to semantic_segmentation.egg-info/requires.txt
writing top-level names to semantic_segmentation.egg-info/top_level.txt
writing manifest file 'semantic_segmentation.egg-info/SOURCES.txt'
reading manifest file 'semantic_segmentation.egg-info/SOURCES.txt'
writing manifest file 'semantic_segmentation.egg-info/SOURCES.txt'
running build_ext
Creating /home/yutao/Desktop/my_proj/rgbd-semantic-mapping/ros2_ws/install/semantic_segmentation/lib/python3.10/site-packages/semantic-segmentation.egg-link (link to .)
Installing segmentation_node script to /home/yutao/Desktop/my_proj/rgbd-semantic-mapping/ros2_ws/install/semantic_segmentation/lib/semantic_segmentation

Installed /home/yutao/Desktop/my_proj/rgbd-semantic-mapping/ros2_ws/build/semantic_segmentation
running symlink_data
creating /home/yutao/Desktop/my_proj/rgbd-semantic-mapping/ros2_ws/install/semantic_segmentation/share/ament_index
creating /home/yutao/Desktop/my_proj/rgbd-semantic-mapping/ros2_ws/install/semantic_segmentation/share/ament_index/resource_index
creating /home/yutao/Desktop/my_proj/rgbd-semantic-mapping/ros2_ws/install/semantic_segmentation/share/ament_index/resource_index/packages
symbolically linking /home/yutao/Desktop/my_proj/rgbd-semantic-mapping/ros2_ws/build/semantic_segmentation/resource/semantic_segmentation -> /home/yutao/Desktop/my_proj/rgbd-semantic-mapping/ros2_ws/install/semantic_segmentation/share/ament_index/resource_index/packages
symbolically linking /home/yutao/Desktop/my_proj/rgbd-semantic-mapping/ros2_ws/build/semantic_segmentation/package.xml -> /home/yutao/Desktop/my_proj/rgbd-semantic-mapping/ros2_ws/install/semantic_segmentation/share/semantic_segmentation
