[0.674s] DEBUG:colcon:Command line arguments: ['/usr/bin/colcon', 'build', '--packages-select', 'rgbd_replay']
[0.674s] DEBUG:colcon:Parsed command line arguments: Namespace(log_base=None, log_level=None, verb_name='build', build_base='build', install_base='install', merge_install=False, symlink_install=False, test_result_base=None, continue_on_error=False, executor='parallel', parallel_workers=4, event_handlers=None, ignore_user_meta=False, metas=['./colcon.meta'], base_paths=['.'], packages_ignore=None, packages_ignore_regex=None, paths=None, packages_up_to=None, packages_up_to_regex=None, packages_above=None, packages_above_and_dependencies=None, packages_above_depth=None, packages_select_by_dep=None, packages_skip_by_dep=None, packages_skip_up_to=None, packages_select_build_failed=False, packages_skip_build_finished=False, packages_select_test_failures=False, packages_skip_test_passed=False, packages_select=['rgbd_replay'], packages_skip=None, packages_select_regex=None, packages_skip_regex=None, packages_start=None, packages_end=None, allow_overriding=[], cmake_args=None, cmake_target=None, cmake_target_skip_unavailable=False, cmake_clean_cache=False, cmake_clean_first=False, cmake_force_configure=False, ament_cmake_args=None, catkin_cmake_args=None, catkin_skip_building_tests=False, mixin_files=None, mixin=None, verb_parser=<colcon_mixin.mixin.mixin_argument.MixinArgumentDecorator object at 0x74fc32f55270>, verb_extension=<colcon_core.verb.build.BuildVerb object at 0x74fc32f54550>, main=<bound method BuildVerb.main of <colcon_core.verb.build.BuildVerb object at 0x74fc32f54550>>, mixin_verb=('build',))
[1.308s] Level 1:colcon.colcon_core.package_discovery:discover_packages(colcon_meta) check parameters
[1.309s] Level 1:colcon.colcon_core.package_discovery:discover_packages(recursive) check parameters
[1.309s] Level 1:colcon.colcon_core.package_discovery:discover_packages(ignore) check parameters
[1.309s] Level 1:colcon.colcon_core.package_discovery:discover_packages(path) check parameters
[1.309s] Level 1:colcon.colcon_core.package_discovery:discover_packages(colcon_meta) discover
[1.309s] Level 1:colcon.colcon_core.package_discovery:discover_packages(recursive) discover
[1.309s] INFO:colcon.colcon_core.package_discovery:Crawling recursively for packages in '/home/yutao/Desktop/my_proj/rgbd-semantic-mapping/ros2_ws'
[1.309s] Level 1:colcon.colcon_core.package_identification:_identify(.) by extensions ['ignore', 'ignore_ament_install']
[1.309s] Level 1:colcon.colcon_core.package_identification:_identify(.) by extension 'ignore'
[1.309s] Level 1:colcon.colcon_core.package_identification:_identify(.) by extension 'ignore_ament_install'
[1.309s] Level 1:colcon.colcon_core.package_identification:_identify(.) by extensions ['colcon_pkg']
[1.309s] Level 1:colcon.colcon_core.package_identification:_identify(.) by extension 'colcon_pkg'
[1.309s] Level 1:colcon.colcon_core.package_identification:_identify(.) by extensions ['colcon_meta']
[1.309s] Level 1:colcon.colcon_core.package_identification:_identify(.) by extension 'colcon_meta'
[1.309s] Level 1:colcon.colcon_core.package_identification:_identify(.) by extensions ['ros']
[1.309s] Level 1:colcon.colcon_core.package_identification:_identify(.) by extension 'ros'
[1.335s] Level 1:colcon.colcon_core.package_identification:_identify(.) by extensions ['cmake', 'python']
[1.335s] Level 1:colcon.colcon_core.package_identification:_identify(.) by extension 'cmake'
[1.335s] Level 1:colcon.colcon_core.package_identification:_identify(.) by extension 'python'
[1.336s] Level 1:colcon.colcon_core.package_identification:_identify(.) by extensions ['python_setup_py']
[1.336s] Level 1:colcon.colcon_core.package_identification:_identify(.) by extension 'python_setup_py'
[1.336s] Level 1:colcon.colcon_core.package_identification:_identify(build) by extensions ['ignore', 'ignore_ament_install']
[1.336s] Level 1:colcon.colcon_core.package_identification:_identify(build) by extension 'ignore'
[1.336s] Level 1:colcon.colcon_core.package_identification:_identify(build) ignored
[1.337s] Level 1:colcon.colcon_core.package_identification:_identify(install) by extensions ['ignore', 'ignore_ament_install']
[1.337s] Level 1:colcon.colcon_core.package_identification:_identify(install) by extension 'ignore'
[1.337s] Level 1:colcon.colcon_core.package_identification:_identify(install) ignored
[1.337s] Level 1:colcon.colcon_core.package_identification:_identify(log) by extensions ['ignore', 'ignore_ament_install']
[1.337s] Level 1:colcon.colcon_core.package_identification:_identify(log) by extension 'ignore'
[1.337s] Level 1:colcon.colcon_core.package_identification:_identify(log) ignored
[1.337s] Level 1:colcon.colcon_core.package_identification:_identify(src) by extensions ['ignore', 'ignore_ament_install']
[1.337s] Level 1:colcon.colcon_core.package_identification:_identify(src) by extension 'ignore'
[1.337s] Level 1:colcon.colcon_core.package_identification:_identify(src) by extension 'ignore_ament_install'
[1.337s] Level 1:colcon.colcon_core.package_identification:_identify(src) by extensions ['colcon_pkg']
[1.337s] Level 1:colcon.colcon_core.package_identification:_identify(src) by extension 'colcon_pkg'
[1.337s] Level 1:colcon.colcon_core.package_identification:_identify(src) by extensions ['colcon_meta']
[1.337s] Level 1:colcon.colcon_core.package_identification:_identify(src) by extension 'colcon_meta'
[1.337s] Level 1:colcon.colcon_core.package_identification:_identify(src) by extensions ['ros']
[1.337s] Level 1:colcon.colcon_core.package_identification:_identify(src) by extension 'ros'
[1.338s] Level 1:colcon.colcon_core.package_identification:_identify(src) by extensions ['cmake', 'python']
[1.338s] Level 1:colcon.colcon_core.package_identification:_identify(src) by extension 'cmake'
[1.338s] Level 1:colcon.colcon_core.package_identification:_identify(src) by extension 'python'
[1.338s] Level 1:colcon.colcon_core.package_identification:_identify(src) by extensions ['python_setup_py']
[1.338s] Level 1:colcon.colcon_core.package_identification:_identify(src) by extension 'python_setup_py'
[1.338s] Level 1:colcon.colcon_core.package_identification:_identify(src/rgbd_replay) by extensions ['ignore', 'ignore_ament_install']
[1.338s] Level 1:colcon.colcon_core.package_identification:_identify(src/rgbd_replay) by extension 'ignore'
[1.338s] Level 1:colcon.colcon_core.package_identification:_identify(src/rgbd_replay) by extension 'ignore_ament_install'
[1.338s] Level 1:colcon.colcon_core.package_identification:_identify(src/rgbd_replay) by extensions ['colcon_pkg']
[1.338s] Level 1:colcon.colcon_core.package_identification:_identify(src/rgbd_replay) by extension 'colcon_pkg'
[1.338s] Level 1:colcon.colcon_core.package_identification:_identify(src/rgbd_replay) by extensions ['colcon_meta']
[1.338s] Level 1:colcon.colcon_core.package_identification:_identify(src/rgbd_replay) by extension 'colcon_meta'
[1.338s] Level 1:colcon.colcon_core.package_identification:_identify(src/rgbd_replay) by extensions ['ros']
[1.338s] Level 1:colcon.colcon_core.package_identification:_identify(src/rgbd_replay) by extension 'ros'
[1.345s] DEBUG:colcon.colcon_core.package_identification:Package 'src/rgbd_replay' with type 'ros.ament_python' and name 'rgbd_replay'
[1.346s] Level 1:colcon.colcon_core.package_discovery:discover_packages(recursive) using defaults
[1.346s] Level 1:colcon.colcon_core.package_discovery:discover_packages(ignore) discover
[1.346s] Level 1:colcon.colcon_core.package_discovery:discover_packages(ignore) using defaults
[1.346s] Level 1:colcon.colcon_core.package_discovery:discover_packages(path) discover
[1.347s] Level 1:colcon.colcon_core.package_discovery:discover_packages(path) using defaults
[1.429s] Level 1:colcon.colcon_core.package_discovery:discover_packages(prefix_path) check parameters
[1.429s] Level 1:colcon.colcon_core.package_discovery:discover_packages(prefix_path) discover
[1.441s] DEBUG:colcon.colcon_installed_package_information.package_discovery:Found 1 installed packages in /home/yutao/Desktop/my_proj/rgbd-semantic-mapping/ros2_ws/install
[1.443s] DEBUG:colcon.colcon_installed_package_information.package_discovery:Found 273 installed packages in /opt/ros/humble
[1.446s] Level 1:colcon.colcon_core.package_discovery:discover_packages(prefix_path) using defaults
[1.483s] Level 5:colcon.colcon_core.verb:set package 'rgbd_replay' build argument 'cmake_args' from command line to 'None'
[1.483s] Level 5:colcon.colcon_core.verb:set package 'rgbd_replay' build argument 'cmake_target' from command line to 'None'
[1.483s] Level 5:colcon.colcon_core.verb:set package 'rgbd_replay' build argument 'cmake_target_skip_unavailable' from command line to 'False'
[1.483s] Level 5:colcon.colcon_core.verb:set package 'rgbd_replay' build argument 'cmake_clean_cache' from command line to 'False'
[1.483s] Level 5:colcon.colcon_core.verb:set package 'rgbd_replay' build argument 'cmake_clean_first' from command line to 'False'
[1.483s] Level 5:colcon.colcon_core.verb:set package 'rgbd_replay' build argument 'cmake_force_configure' from command line to 'False'
[1.483s] Level 5:colcon.colcon_core.verb:set package 'rgbd_replay' build argument 'ament_cmake_args' from command line to 'None'
[1.483s] Level 5:colcon.colcon_core.verb:set package 'rgbd_replay' build argument 'catkin_cmake_args' from command line to 'None'
[1.483s] Level 5:colcon.colcon_core.verb:set package 'rgbd_replay' build argument 'catkin_skip_building_tests' from command line to 'False'
[1.483s] DEBUG:colcon.colcon_core.verb:Building package 'rgbd_replay' with the following arguments: {'ament_cmake_args': None, 'build_base': '/home/yutao/Desktop/my_proj/rgbd-semantic-mapping/ros2_ws/build/rgbd_replay', 'catkin_cmake_args': None, 'catkin_skip_building_tests': False, 'cmake_args': None, 'cmake_clean_cache': False, 'cmake_clean_first': False, 'cmake_force_configure': False, 'cmake_target': None, 'cmake_target_skip_unavailable': False, 'install_base': '/home/yutao/Desktop/my_proj/rgbd-semantic-mapping/ros2_ws/install/rgbd_replay', 'merge_install': False, 'path': '/home/yutao/Desktop/my_proj/rgbd-semantic-mapping/ros2_ws/src/rgbd_replay', 'symlink_install': False, 'test_result_base': None}
[1.483s] INFO:colcon.colcon_core.executor:Executing jobs using 'parallel' executor
[1.485s] DEBUG:colcon.colcon_parallel_executor.executor.parallel:run_until_complete
[1.485s] INFO:colcon.colcon_ros.task.ament_python.build:Building ROS package in '/home/yutao/Desktop/my_proj/rgbd-semantic-mapping/ros2_ws/src/rgbd_replay' with build type 'ament_python'
[1.485s] Level 1:colcon.colcon_core.shell:create_environment_hook('rgbd_replay', 'ament_prefix_path')
[1.501s] INFO:colcon.colcon_core.plugin_system:Skipping extension 'colcon_core.shell.bat': Not used on non-Windows systems
[1.502s] INFO:colcon.colcon_core.shell:Creating environment hook '/home/yutao/Desktop/my_proj/rgbd-semantic-mapping/ros2_ws/install/rgbd_replay/share/rgbd_replay/hook/ament_prefix_path.ps1'
[1.506s] INFO:colcon.colcon_core.shell:Creating environment descriptor '/home/yutao/Desktop/my_proj/rgbd-semantic-mapping/ros2_ws/install/rgbd_replay/share/rgbd_replay/hook/ament_prefix_path.dsv'
[1.508s] INFO:colcon.colcon_core.shell:Creating environment hook '/home/yutao/Desktop/my_proj/rgbd-semantic-mapping/ros2_ws/install/rgbd_replay/share/rgbd_replay/hook/ament_prefix_path.sh'
[1.509s] INFO:colcon.colcon_core.shell:Skip shell extension 'powershell' for command environment: Not usable outside of PowerShell
[1.510s] DEBUG:colcon.colcon_core.shell:Skip shell extension 'dsv' for command environment
[1.840s] INFO:colcon.colcon_core.task.python.build:Building Python package in '/home/yutao/Desktop/my_proj/rgbd-semantic-mapping/ros2_ws/src/rgbd_replay'
[1.840s] INFO:colcon.colcon_core.shell:Skip shell extension 'powershell' for command environment: Not usable outside of PowerShell
[1.840s] DEBUG:colcon.colcon_core.shell:Skip shell extension 'dsv' for command environment
[2.283s] DEBUG:colcon.colcon_core.task.python.build:Available setuptools commands: sdist, install_headers, easy_install, build_ext, build_clib, install_scripts, register, build_scripts, install, build, check, bdist_rpm, test, upload_docs, install_lib, alias, install_data, rotate, upload, bdist_dumb, clean, develop, build_py, install_egg_info, dist_info, saveopts, bdist_egg, bdist, symlink_data, setopt, egg_info
[2.287s] DEBUG:colcon.colcon_core.event_handler.log_command:Invoking command in '/home/yutao/Desktop/my_proj/rgbd-semantic-mapping/ros2_ws/src/rgbd_replay': PYTHONPATH=/home/yutao/Desktop/my_proj/rgbd-semantic-mapping/ros2_ws/build/rgbd_replay/prefix_override:/usr/lib/python3/dist-packages/colcon_core/task/python/colcon_distutils_commands:/home/yutao/Desktop/my_proj/rgbd-semantic-mapping/ros2_ws/install/rgbd_replay/lib/python3.10/site-packages:${PYTHONPATH} /usr/bin/python3 -W ignore:setup.py install is deprecated -W ignore:easy_install command is deprecated setup.py egg_info --egg-base ../../build/rgbd_replay build --build-base /home/yutao/Desktop/my_proj/rgbd-semantic-mapping/ros2_ws/build/rgbd_replay/build install --record /home/yutao/Desktop/my_proj/rgbd-semantic-mapping/ros2_ws/build/rgbd_replay/install.log --install-scripts $base/lib/rgbd_replay --single-version-externally-managed install_data
[2.864s] DEBUG:colcon.colcon_core.event_handler.log_command:Invoked command in '/home/yutao/Desktop/my_proj/rgbd-semantic-mapping/ros2_ws/src/rgbd_replay' returned '0': PYTHONPATH=/home/yutao/Desktop/my_proj/rgbd-semantic-mapping/ros2_ws/build/rgbd_replay/prefix_override:/usr/lib/python3/dist-packages/colcon_core/task/python/colcon_distutils_commands:/home/yutao/Desktop/my_proj/rgbd-semantic-mapping/ros2_ws/install/rgbd_replay/lib/python3.10/site-packages:${PYTHONPATH} /usr/bin/python3 -W ignore:setup.py install is deprecated -W ignore:easy_install command is deprecated setup.py egg_info --egg-base ../../build/rgbd_replay build --build-base /home/yutao/Desktop/my_proj/rgbd-semantic-mapping/ros2_ws/build/rgbd_replay/build install --record /home/yutao/Desktop/my_proj/rgbd-semantic-mapping/ros2_ws/build/rgbd_replay/install.log --install-scripts $base/lib/rgbd_replay --single-version-externally-managed install_data
[2.883s] Level 1:colcon.colcon_core.environment:checking '/home/yutao/Desktop/my_proj/rgbd-semantic-mapping/ros2_ws/install/rgbd_replay' for CMake module files
[2.884s] Level 1:colcon.colcon_core.environment:checking '/home/yutao/Desktop/my_proj/rgbd-semantic-mapping/ros2_ws/install/rgbd_replay' for CMake config files
[2.885s] Level 1:colcon.colcon_core.environment:checking '/home/yutao/Desktop/my_proj/rgbd-semantic-mapping/ros2_ws/install/rgbd_replay/lib'
[2.885s] Level 1:colcon.colcon_core.environment:checking '/home/yutao/Desktop/my_proj/rgbd-semantic-mapping/ros2_ws/install/rgbd_replay/bin'
[2.885s] Level 1:colcon.colcon_core.environment:checking '/home/yutao/Desktop/my_proj/rgbd-semantic-mapping/ros2_ws/install/rgbd_replay/lib/pkgconfig/rgbd_replay.pc'
[2.886s] Level 1:colcon.colcon_core.environment:checking '/home/yutao/Desktop/my_proj/rgbd-semantic-mapping/ros2_ws/install/rgbd_replay/lib/python3.10/site-packages'
[2.886s] Level 1:colcon.colcon_core.shell:create_environment_hook('rgbd_replay', 'pythonpath')
[2.887s] INFO:colcon.colcon_core.shell:Creating environment hook '/home/yutao/Desktop/my_proj/rgbd-semantic-mapping/ros2_ws/install/rgbd_replay/share/rgbd_replay/hook/pythonpath.ps1'
[2.888s] INFO:colcon.colcon_core.shell:Creating environment descriptor '/home/yutao/Desktop/my_proj/rgbd-semantic-mapping/ros2_ws/install/rgbd_replay/share/rgbd_replay/hook/pythonpath.dsv'
[2.889s] INFO:colcon.colcon_core.shell:Creating environment hook '/home/yutao/Desktop/my_proj/rgbd-semantic-mapping/ros2_ws/install/rgbd_replay/share/rgbd_replay/hook/pythonpath.sh'
[2.891s] Level 1:colcon.colcon_core.environment:checking '/home/yutao/Desktop/my_proj/rgbd-semantic-mapping/ros2_ws/install/rgbd_replay/bin'
[2.891s] Level 1:colcon.colcon_core.environment:create_environment_scripts_only(rgbd_replay)
[2.892s] INFO:colcon.colcon_core.shell:Creating package script '/home/yutao/Desktop/my_proj/rgbd-semantic-mapping/ros2_ws/install/rgbd_replay/share/rgbd_replay/package.ps1'
[2.896s] INFO:colcon.colcon_core.shell:Creating package descriptor '/home/yutao/Desktop/my_proj/rgbd-semantic-mapping/ros2_ws/install/rgbd_replay/share/rgbd_replay/package.dsv'
[2.898s] INFO:colcon.colcon_core.shell:Creating package script '/home/yutao/Desktop/my_proj/rgbd-semantic-mapping/ros2_ws/install/rgbd_replay/share/rgbd_replay/package.sh'
[2.900s] INFO:colcon.colcon_core.shell:Creating package script '/home/yutao/Desktop/my_proj/rgbd-semantic-mapping/ros2_ws/install/rgbd_replay/share/rgbd_replay/package.bash'
[2.904s] INFO:colcon.colcon_core.shell:Creating package script '/home/yutao/Desktop/my_proj/rgbd-semantic-mapping/ros2_ws/install/rgbd_replay/share/rgbd_replay/package.zsh'
[2.909s] Level 1:colcon.colcon_core.environment:create_file_with_runtime_dependencies(/home/yutao/Desktop/my_proj/rgbd-semantic-mapping/ros2_ws/install/rgbd_replay/share/colcon-core/packages/rgbd_replay)
[2.910s] DEBUG:colcon.colcon_parallel_executor.executor.parallel:closing loop
[2.911s] DEBUG:colcon.colcon_parallel_executor.executor.parallel:loop closed
[2.911s] DEBUG:colcon.colcon_parallel_executor.executor.parallel:run_until_complete finished with '0'
[2.911s] DEBUG:colcon.colcon_core.event_reactor:joining thread
[2.913s] DEBUG:colcon.colcon_core.event_reactor:joined thread
[2.914s] INFO:colcon.colcon_core.shell:Creating prefix script '/home/yutao/Desktop/my_proj/rgbd-semantic-mapping/ros2_ws/install/local_setup.ps1'
[2.917s] INFO:colcon.colcon_core.shell:Creating prefix util module '/home/yutao/Desktop/my_proj/rgbd-semantic-mapping/ros2_ws/install/_local_setup_util_ps1.py'
[2.922s] INFO:colcon.colcon_core.shell:Creating prefix chain script '/home/yutao/Desktop/my_proj/rgbd-semantic-mapping/ros2_ws/install/setup.ps1'
[2.925s] INFO:colcon.colcon_core.shell:Creating prefix script '/home/yutao/Desktop/my_proj/rgbd-semantic-mapping/ros2_ws/install/local_setup.sh'
[2.926s] INFO:colcon.colcon_core.shell:Creating prefix util module '/home/yutao/Desktop/my_proj/rgbd-semantic-mapping/ros2_ws/install/_local_setup_util_sh.py'
[2.927s] INFO:colcon.colcon_core.shell:Creating prefix chain script '/home/yutao/Desktop/my_proj/rgbd-semantic-mapping/ros2_ws/install/setup.sh'
[2.932s] INFO:colcon.colcon_core.shell:Creating prefix script '/home/yutao/Desktop/my_proj/rgbd-semantic-mapping/ros2_ws/install/local_setup.bash'
[2.937s] INFO:colcon.colcon_core.shell:Creating prefix chain script '/home/yutao/Desktop/my_proj/rgbd-semantic-mapping/ros2_ws/install/setup.bash'
[2.939s] INFO:colcon.colcon_core.shell:Creating prefix script '/home/yutao/Desktop/my_proj/rgbd-semantic-mapping/ros2_ws/install/local_setup.zsh'
[2.941s] INFO:colcon.colcon_core.shell:Creating prefix chain script '/home/yutao/Desktop/my_proj/rgbd-semantic-mapping/ros2_ws/install/setup.zsh'
