[0.067s] Invoking command in '/home/yutao/Desktop/my_proj/rgbd-semantic-mapping/ros2_ws/build/semantic_mapping': CMAKE_PREFIX_PATH=${CMAKE_PREFIX_PATH}:/home/yutao/Desktop/my_proj/rgbd-semantic-mapping/ros2_ws/install/semantic_segmentation:/home/yutao/Desktop/my_proj/rgbd-semantic-mapping/ros2_ws/install/rgbd_replay:/opt/ros/humble VIRTUAL_ENV_PROMPT=(.venv) /usr/bin/cmake /home/yutao/Desktop/my_proj/rgbd-semantic-mapping/ros2_ws/src/semantic_mapping -DCMAKE_INSTALL_PREFIX=/home/yutao/Desktop/my_proj/rgbd-semantic-mapping/ros2_ws/install/semantic_mapping
[0.229s] -- Found ament_cmake: 1.3.14 (/opt/ros/humble/share/ament_cmake/cmake)
[0.530s] -- Override CMake install command with custom implementation using symlinks instead of copying resources
[0.652s] -- Found rclcpp: 16.0.19 (/opt/ros/humble/share/rclcpp/cmake)
[0.817s] -- Found rosidl_generator_c: 3.1.9 (/opt/ros/humble/share/rosidl_generator_c/cmake)
[0.832s] -- Found rosidl_adapter: 3.1.9 (/opt/ros/humble/share/rosidl_adapter/cmake)
[0.874s] -- Found rosidl_generator_cpp: 3.1.9 (/opt/ros/humble/share/rosidl_generator_cpp/cmake)
[0.924s] -- Using all available rosidl_typesupport_c: rosidl_typesupport_fastrtps_c;rosidl_typesupport_introspection_c
[0.978s] -- Using all available rosidl_typesupport_cpp: rosidl_typesupport_fastrtps_cpp;rosidl_typesupport_introspection_cpp
[1.200s] -- Found rmw_implementation_cmake: 6.1.3 (/opt/ros/humble/share/rmw_implementation_cmake/cmake)
[1.211s] -- Found rmw_fastrtps_cpp: 6.2.10 (/opt/ros/humble/share/rmw_fastrtps_cpp/cmake)
[1.453s] -- Using RMW implementation 'rmw_fastrtps_cpp' as default
[1.625s] -- Found sensor_msgs: 4.9.2 (/opt/ros/humble/share/sensor_msgs/cmake)
[1.776s] -- Found message_filters: 4.3.19 (/opt/ros/humble/share/message_filters/cmake)
[1.789s] -- Found cv_bridge: 3.2.1 (/opt/ros/humble/share/cv_bridge/cmake)
[1.814s] -- Found tf2: 0.25.22 (/opt/ros/humble/share/tf2/cmake)
[1.835s] -- Found tf2_geometry_msgs: 0.25.22 (/opt/ros/humble/share/tf2_geometry_msgs/cmake)
[1.850s] -- Found eigen3_cmake_module: 0.1.1 (/opt/ros/humble/share/eigen3_cmake_module/cmake)
[1.853s] -- Ensuring Eigen3 include directory is part of orocos-kdl CMake target
[2.077s] -- Found ament_lint_auto: 0.12.15 (/opt/ros/humble/share/ament_lint_auto/cmake)
[2.262s] -- Added test 'cppcheck' to perform static code analysis on C / C++ code
[2.262s] -- Configured cppcheck include dirs: 
[2.263s] -- Configured cppcheck exclude dirs and/or files: 
[2.264s] -- Added test 'lint_cmake' to check CMake code style
[2.268s] -- Added test 'uncrustify' to check C / C++ code style
[2.269s] -- Configured uncrustify additional arguments: 
[2.269s] -- Added test 'xmllint' to check XML markup files
[2.275s] -- Configuring done
[2.352s] -- Generating done
[2.370s] -- Build files have been written to: /home/yutao/Desktop/my_proj/rgbd-semantic-mapping/ros2_ws/build/semantic_mapping
[2.382s] Invoked command in '/home/yutao/Desktop/my_proj/rgbd-semantic-mapping/ros2_ws/build/semantic_mapping' returned '0': CMAKE_PREFIX_PATH=${CMAKE_PREFIX_PATH}:/home/yutao/Desktop/my_proj/rgbd-semantic-mapping/ros2_ws/install/semantic_segmentation:/home/yutao/Desktop/my_proj/rgbd-semantic-mapping/ros2_ws/install/rgbd_replay:/opt/ros/humble VIRTUAL_ENV_PROMPT=(.venv) /usr/bin/cmake /home/yutao/Desktop/my_proj/rgbd-semantic-mapping/ros2_ws/src/semantic_mapping -DCMAKE_INSTALL_PREFIX=/home/yutao/Desktop/my_proj/rgbd-semantic-mapping/ros2_ws/install/semantic_mapping
[2.387s] Invoking command in '/home/yutao/Desktop/my_proj/rgbd-semantic-mapping/ros2_ws/build/semantic_mapping': CMAKE_PREFIX_PATH=${CMAKE_PREFIX_PATH}:/home/yutao/Desktop/my_proj/rgbd-semantic-mapping/ros2_ws/install/semantic_segmentation:/home/yutao/Desktop/my_proj/rgbd-semantic-mapping/ros2_ws/install/rgbd_replay:/opt/ros/humble VIRTUAL_ENV_PROMPT=(.venv) /usr/bin/cmake --build /home/yutao/Desktop/my_proj/rgbd-semantic-mapping/ros2_ws/build/semantic_mapping -- -j4 -l4
[2.450s] [35m[1mConsolidate compiler generated dependencies of target semantic_voxel_map[0m
[2.468s] [ 25%] Built target semantic_voxel_map
[2.486s] [35m[1mConsolidate compiler generated dependencies of target semantic_mapping_node[0m
[2.486s] [35m[1mConsolidate compiler generated dependencies of target parity_driver[0m
[2.497s] [35m[1mConsolidate compiler generated dependencies of target test_semantic_voxel_map[0m
[2.506s] [ 50%] Built target parity_driver
[2.518s] [ 75%] Built target test_semantic_voxel_map
[2.604s] [ 87%] [32mBuilding CXX object CMakeFiles/semantic_mapping_node.dir/src/semantic_mapping_node.cpp.o[0m
[23.738s] [100%] [32m[1mLinking CXX executable semantic_mapping_node[0m
[25.506s] [100%] Built target semantic_mapping_node
[25.557s] Invoked command in '/home/yutao/Desktop/my_proj/rgbd-semantic-mapping/ros2_ws/build/semantic_mapping' returned '0': CMAKE_PREFIX_PATH=${CMAKE_PREFIX_PATH}:/home/yutao/Desktop/my_proj/rgbd-semantic-mapping/ros2_ws/install/semantic_segmentation:/home/yutao/Desktop/my_proj/rgbd-semantic-mapping/ros2_ws/install/rgbd_replay:/opt/ros/humble VIRTUAL_ENV_PROMPT=(.venv) /usr/bin/cmake --build /home/yutao/Desktop/my_proj/rgbd-semantic-mapping/ros2_ws/build/semantic_mapping -- -j4 -l4
[25.599s] Invoking command in '/home/yutao/Desktop/my_proj/rgbd-semantic-mapping/ros2_ws/build/semantic_mapping': CMAKE_PREFIX_PATH=${CMAKE_PREFIX_PATH}:/home/yutao/Desktop/my_proj/rgbd-semantic-mapping/ros2_ws/install/semantic_segmentation:/home/yutao/Desktop/my_proj/rgbd-semantic-mapping/ros2_ws/install/rgbd_replay:/opt/ros/humble VIRTUAL_ENV_PROMPT=(.venv) /usr/bin/cmake --install /home/yutao/Desktop/my_proj/rgbd-semantic-mapping/ros2_ws/build/semantic_mapping
[25.620s] -- Install configuration: ""
[25.620s] -- Execute custom install script
[25.620s] -- Up-to-date symlink: /home/yutao/Desktop/my_proj/rgbd-semantic-mapping/ros2_ws/install/semantic_mapping/lib/semantic_mapping/semantic_mapping_node
[25.620s] -- Up-to-date symlink: /home/yutao/Desktop/my_proj/rgbd-semantic-mapping/ros2_ws/install/semantic_mapping/share/ament_index/resource_index/package_run_dependencies/semantic_mapping
[25.621s] -- Up-to-date symlink: /home/yutao/Desktop/my_proj/rgbd-semantic-mapping/ros2_ws/install/semantic_mapping/share/ament_index/resource_index/parent_prefix_path/semantic_mapping
[25.621s] -- Up-to-date symlink: /home/yutao/Desktop/my_proj/rgbd-semantic-mapping/ros2_ws/install/semantic_mapping/share/semantic_mapping/environment/ament_prefix_path.sh
[25.621s] -- Up-to-date symlink: /home/yutao/Desktop/my_proj/rgbd-semantic-mapping/ros2_ws/install/semantic_mapping/share/semantic_mapping/environment/ament_prefix_path.dsv
[25.621s] -- Up-to-date symlink: /home/yutao/Desktop/my_proj/rgbd-semantic-mapping/ros2_ws/install/semantic_mapping/share/semantic_mapping/environment/path.sh
[25.621s] -- Up-to-date symlink: /home/yutao/Desktop/my_proj/rgbd-semantic-mapping/ros2_ws/install/semantic_mapping/share/semantic_mapping/environment/path.dsv
[25.621s] -- Up-to-date symlink: /home/yutao/Desktop/my_proj/rgbd-semantic-mapping/ros2_ws/install/semantic_mapping/share/semantic_mapping/local_setup.bash
[25.621s] -- Up-to-date symlink: /home/yutao/Desktop/my_proj/rgbd-semantic-mapping/ros2_ws/install/semantic_mapping/share/semantic_mapping/local_setup.sh
[25.621s] -- Up-to-date symlink: /home/yutao/Desktop/my_proj/rgbd-semantic-mapping/ros2_ws/install/semantic_mapping/share/semantic_mapping/local_setup.zsh
[25.621s] -- Up-to-date symlink: /home/yutao/Desktop/my_proj/rgbd-semantic-mapping/ros2_ws/install/semantic_mapping/share/semantic_mapping/local_setup.dsv
[25.621s] -- Symlinking: /home/yutao/Desktop/my_proj/rgbd-semantic-mapping/ros2_ws/install/semantic_mapping/share/semantic_mapping/package.dsv
[25.629s] -- Up-to-date symlink: /home/yutao/Desktop/my_proj/rgbd-semantic-mapping/ros2_ws/install/semantic_mapping/share/ament_index/resource_index/packages/semantic_mapping
[25.630s] -- Up-to-date symlink: /home/yutao/Desktop/my_proj/rgbd-semantic-mapping/ros2_ws/install/semantic_mapping/share/semantic_mapping/cmake/semantic_mappingConfig.cmake
[25.630s] -- Up-to-date symlink: /home/yutao/Desktop/my_proj/rgbd-semantic-mapping/ros2_ws/install/semantic_mapping/share/semantic_mapping/cmake/semantic_mappingConfig-version.cmake
[25.630s] -- Up-to-date symlink: /home/yutao/Desktop/my_proj/rgbd-semantic-mapping/ros2_ws/install/semantic_mapping/share/semantic_mapping/package.xml
[25.634s] Invoked command in '/home/yutao/Desktop/my_proj/rgbd-semantic-mapping/ros2_ws/build/semantic_mapping' returned '0': CMAKE_PREFIX_PATH=${CMAKE_PREFIX_PATH}:/home/yutao/Desktop/my_proj/rgbd-semantic-mapping/ros2_ws/install/semantic_segmentation:/home/yutao/Desktop/my_proj/rgbd-semantic-mapping/ros2_ws/install/rgbd_replay:/opt/ros/humble VIRTUAL_ENV_PROMPT=(.venv) /usr/bin/cmake --install /home/yutao/Desktop/my_proj/rgbd-semantic-mapping/ros2_ws/build/semantic_mapping
